[backblue.gif]
[fade.gif]
[index.html]
[www.math.iitb.ac.in/_assoc/assets/images/gt_favicon.png]
[www.math.iitb.ac.in/_assoc/assets/images/logo.png]
[www.math.iitb.ac.in/_assoc/DEP_Handbook_17-18.pdf]
[www.math.iitb.ac.in/_assoc/assets/images/logo1.gif]
[ajax.googleapis.com/ajax/libs/jquery/1.10.2/jquery.min.js]
[netdna.bootstrapcdn.com/bootstrap/3.0.0/js/bootstrap.min.js]
[www.math.iitb.ac.in/_assoc/assets/js/headroom.min.js]
[www.math.iitb.ac.in/_assoc/assets/js/jQuery.headroom.min.js]
[www.math.iitb.ac.in/_assoc/assets/js/template.js]
[www.math.iitb.ac.in/_assoc/index.html]
[www.math.iitb.ac.in/_assoc/assets/css/bootstrap.min.css]
[www.math.iitb.ac.in/_assoc/assets/fonts/fontawesome-webfonte0a5.eot]
[www.math.iitb.ac.in/_assoc/assets/fonts/fontawesome-webfontd41d.eot]
[www.math.iitb.ac.in/_assoc/assets/fonts/fontawesome-webfonte0a5.woff]
[www.math.iitb.ac.in/_assoc/assets/fonts/fontawesome-webfonte0a5.ttf]
[www.math.iitb.ac.in/_assoc/assets/css/font-awesome.css]
[www.math.iitb.ac.in/_assoc/assets/css/animate.css]
[www.math.iitb.ac.in/_assoc/assets/css/bootstrap-theme.css]
[www.math.iitb.ac.in/_assoc/assets/images/math.jpg]
[www.math.iitb.ac.in/_assoc/assets/css/main.css]
[www.math.iitb.ac.in/_assoc/mo/images/logo1.gif]
[www.math.iitb.ac.in/_assoc/mo/Results_2017.pdf]
[www.math.iitb.ac.in/_assoc/mo/images/metatrons-cube-01.png]
[www.math.iitb.ac.in/_assoc/mo/MO2017_Brochure.pdf]
[www.math.iitb.ac.in/_assoc/mo/images/IMG_4098.jpg]
[www.math.iitb.ac.in/_assoc/mo/images/IMG_4138.jpg]
[www.math.iitb.ac.in/_assoc/mo/images/IMG_4149.jpg]
[www.math.iitb.ac.in/_assoc/mo/images/IMG_4182.jpg]
[www.math.iitb.ac.in/_assoc/mo/images/IMG_4196.jpg]
[www.math.iitb.ac.in/_assoc/mo/images/IMG_4260.jpg]
[www.math.iitb.ac.in/_assoc/mo/images/IMG_4497.jpg]
[www.math.iitb.ac.in/_assoc/mo/images/IMG_4698.jpg]
[www.math.iitb.ac.in/_assoc/mo/images/testimonial-1.png]
[www.math.iitb.ac.in/_assoc/mo/images/testimonial-2.png]
[www.math.iitb.ac.in/_assoc/mo/images/testimonial-3.png]
[www.math.iitb.ac.in/_assoc/mo/images/rajat.jpg]
[www.math.iitb.ac.in/_assoc/mo/images/nilanjan.jpg]
[www.math.iitb.ac.in/_assoc/mo/images/ankita.jpg]
[www.math.iitb.ac.in/_assoc/mo/images/kuldeep.jpg]
[www.math.iitb.ac.in/_assoc/mo/images/samanwita.jpg]
[www.math.iitb.ac.in/_assoc/mo/images/parth.jpg]
[www.math.iitb.ac.in/_assoc/mo/images/tintisa.jpg]
[www.math.iitb.ac.in/_assoc/mo/images/tulika.jpg]
[www.math.iitb.ac.in/_assoc/mo/images/chiranjibi.jpg]
[www.math.iitb.ac.in/_assoc/mo/images/hitaishi.jpg]
[www.math.iitb.ac.in/_assoc/mo/images/wasim.jpg]
[www.math.iitb.ac.in/_assoc/mo/images/vicky.jpg]
[www.math.iitb.ac.in/_assoc/mo/images/protik.jpg]
[www.math.iitb.ac.in/_assoc/mo/plugins/jquery.min.js]
[www.math.iitb.ac.in/_assoc/mo/bootstrap/js/bootstrap.min.js]
[www.math.iitb.ac.in/_assoc/mo/plugins/modernizr.js]
[www.math.iitb.ac.in/_assoc/mo/plugins/isotope/isotope.pkgd.min.js]
[www.math.iitb.ac.in/_assoc/mo/plugins/jquery.backstretch.min.js]
[www.math.iitb.ac.in/_assoc/mo/plugins/jquery.appear.js]
[www.math.iitb.ac.in/_assoc/mo/js/template.js]
[www.math.iitb.ac.in/_assoc/mo/js/custom.js]
[www.math.iitb.ac.in/_assoc/mo/js/materialize.js]
[www.google-analytics.com/analytics.js]
[connect.facebook.net/en_GB/sdk.js]
[www.math.iitb.ac.in/_assoc/mo/index.html]
[www.math.iitb.ac.in/_assoc/assets/images/neela.png]
[www.math.iitb.ac.in/_assoc/assets/images/ananth.jpg]
[www.math.iitb.ac.in/_assoc/assets/images/preeti.jpg]
[www.math.iitb.ac.in/_assoc/assets/images/shefali.jpg]
[www.math.iitb.ac.in/_assoc/assets/images/taniya.jpg]
[www.math.iitb.ac.in/_assoc/assets/images/prasanjit.jpg]
[www.math.iitb.ac.in/_assoc/assets/images/Saransh.jpg]
[www.math.iitb.ac.in/_assoc/assets/images/Rajesh.jpg]
[www.math.iitb.ac.in/_assoc/assets/images/apurba.jpg]
[www.math.iitb.ac.in/_assoc/assets/images/Megha.jpg]
[www.math.iitb.ac.in/_assoc/assets/images/devesh.jpg]
[www.math.iitb.ac.in/_assoc/assets/images/kriti.jpg]
[www.math.iitb.ac.in/_assoc/assets/images/venkitesh.jpg]
[www.math.iitb.ac.in/_assoc/assets/images/deep.jpg]
[www.math.iitb.ac.in/_assoc/office18-19.html]
[www.math.iitb.ac.in/_assoc/assets/images/prashant.jpg]
[www.math.iitb.ac.in/_assoc/assets/images/ritika.jpg]
[www.math.iitb.ac.in/_assoc/assets/images/subhadip.jpg]
[www.math.iitb.ac.in/_assoc/assets/images/kamanashis.jpg]
[www.math.iitb.ac.in/_assoc/assets/images/surbhi.jpg]
[www.math.iitb.ac.in/_assoc/assets/images/rajesh-2.jpg]
[www.math.iitb.ac.in/_assoc/assets/images/sachin.jpg]
[www.math.iitb.ac.in/_assoc/assets/images/sayan.jpg]
[www.math.iitb.ac.in/_assoc/assets/images/rakhi.jpg]
[www.math.iitb.ac.in/_assoc/assets/images/chaman.jpg]
[www.math.iitb.ac.in/_assoc/assets/images/mamta.jpg]
[www.math.iitb.ac.in/_assoc/office17-18.html]
[www.math.iitb.ac.in/_assoc/assets/images/alladi.jpg]
[www.math.iitb.ac.in/_assoc/assets/images/rajat.jpg]
[www.math.iitb.ac.in/_assoc/assets/images/Tintisa.jpg]
[www.math.iitb.ac.in/_assoc/assets/images/sam.jpg]
[www.math.iitb.ac.in/_assoc/assets/images/kuldeep.jpg]
[www.math.iitb.ac.in/_assoc/assets/images/shourayya.jpg]
[www.math.iitb.ac.in/_assoc/assets/images/chiru.jpg]
[www.math.iitb.ac.in/_assoc/assets/images/akash.jpg]
[www.math.iitb.ac.in/_assoc/assets/images/Parth.jpg]
[www.math.iitb.ac.in/_assoc/assets/images/protik.jpg]
[www.math.iitb.ac.in/_assoc/assets/images/Diksha.jpg]
[www.math.iitb.ac.in/_assoc/office16-17.html]
[www.math.iitb.ac.in/_assoc/assets/images/Brijesh.jpg]
[www.math.iitb.ac.in/_assoc/assets/images/geetanjali.png]
[www.math.iitb.ac.in/_assoc/assets/images/abhi.jpg]
[www.math.iitb.ac.in/_assoc/assets/images/kingshuk.png]
[www.math.iitb.ac.in/_assoc/assets/images/monika.png]
[www.math.iitb.ac.in/_assoc/assets/images/jaydeep.jpg]
[www.math.iitb.ac.in/_assoc/assets/images/rachna.png]
[www.math.iitb.ac.in/_assoc/assets/images/rishika.jpg]
[www.math.iitb.ac.in/_assoc/assets/images/animesh2.png]
[www.math.iitb.ac.in/_assoc/assets/images/Priya.jpg]
[www.math.iitb.ac.in/_assoc/office15-16.html]
[www.math.iitb.ac.in/_assoc/assets/Documents/Final Placement 18.pdf]
[www.math.iitb.ac.in/_assoc/placements.html]
[www.math.iitb.ac.in/_assoc/contact.html]
[maxcdn.bootstrapcdn.com/bootstrap/3.3.6/css/bootstrap.min.css]
[cdn.rawgit.com/FezVrasta/dropdown.js/master/jquery.dropdown.css]
[www.math.iitb.ac.in/_assoc/elections/Elections 18-19/Akshay.jpg]
[www.math.iitb.ac.in/_assoc/elections/Elections 18-19/Manifesto_AKSHAY_SINGLA.pdf]
[code.jquery.com/jquery-1.10.2.min.js]
[www.math.iitb.ac.in/_assoc/elections/Elections 18-19/Shefali Gambhir.jpg]
[www.math.iitb.ac.in/_assoc/elections/Elections 18-19/Manifesto_Shefali.pdf]
[www.math.iitb.ac.in/_assoc/elections/Elections 18-19/Taniya_Sarkar.jpg]
[www.math.iitb.ac.in/_assoc/elections/Elections 18-19/MANIFESTO_Taniya.pdf]
[www.math.iitb.ac.in/_assoc/elections/Elections 18-19/Ranjan Sharma.jpg]
[www.math.iitb.ac.in/_assoc/elections/Elections 18-19/Manifesto_Ranjan_Sharma.pdf]
[www.math.iitb.ac.in/_assoc/elections/Elections 18-19/Saransh.jpg]
[www.math.iitb.ac.in/_assoc/elections/Elections 18-19/Manifesto_Saransh.pdf]
[www.math.iitb.ac.in/_assoc/elections/Elections 18-19/Prasanjit.jpg]
[www.math.iitb.ac.in/_assoc/elections/Elections 18-19/MANIFESTO_Prasanjit.pdf]
[www.math.iitb.ac.in/_assoc/elections/Elections 18-19/Rakesh.jpg]
[www.math.iitb.ac.in/_assoc/elections/Elections 18-19/Manifesto_Rakesh Saini.pdf]
[www.math.iitb.ac.in/_assoc/elections/Elections 18-19/Rajesh.jpg]
[www.math.iitb.ac.in/_assoc/elections/Elections 18-19/MANIFESTO_Rajesh.pdf]
[www.math.iitb.ac.in/_assoc/elections/Elections 18-19/APURBA SARKAR.jpg]
[www.math.iitb.ac.in/_assoc/elections/Elections 18-19/Manifesto_Apurba.pdf]
[www.math.iitb.ac.in/_assoc/elections/Elections 18-19/Lokesh Arya.jpg]
[www.math.iitb.ac.in/_assoc/elections/Elections 18-19/Manifesto_Lokesh_Arya.pdf]
[www.math.iitb.ac.in/_assoc/elections/Elections 18-19/Devesh.jpg]
[www.math.iitb.ac.in/_assoc/elections/Elections 18-19/Manifesto_Devesh.pdf]
[www.math.iitb.ac.in/_assoc/elections/Elections 18-19/megha.jpg]
[www.math.iitb.ac.in/_assoc/elections/Elections 18-19/Manifesto_Megha.pdf]
[www.math.iitb.ac.in/_assoc/elections/Elections 18-19/Makadiya Deep.jpg]
[www.math.iitb.ac.in/_assoc/elections/Elections 18-19/Manifesto_Makadiya_Deepkumar.pdf]
[www.math.iitb.ac.in/_assoc/elections/index.html]
[www.math.iitb.ac.in/_assoc/obscure/img/amrit.jpg]
[www.math.iitb.ac.in/_assoc/obscure/img/harshdeep.jpg]
[www.math.iitb.ac.in/_assoc/obscure/img/prasant.jpg]
[www.math.iitb.ac.in/_assoc/obscure/img/faizal.jpg]
[www.math.iitb.ac.in/_assoc/obscure/img/rajiv.jpg]
[www.math.iitb.ac.in/_assoc/obscure/min/plugin-min.js]
[www.math.iitb.ac.in/_assoc/obscure/min/custom-min.js]
[www.math.iitb.ac.in/_assoc/obscure/index.html]
[www.math.iitb.ac.in/_assoc/mo2015/index.html]
[www.math.iitb.ac.in/_assoc/events.html]
[www.math.iitb.ac.in/_assoc/assets/fonts/glyphicons-halflings-regular.html]
[www.math.iitb.ac.in/_assoc/assets/fonts/glyphicons-halflings-regulard41d.html]
[www.math.iitb.ac.in/_assoc/assets/fonts/glyphicons-halflings-regular-2.html]
[www.math.iitb.ac.in/_assoc/assets/fonts/glyphicons-halflings-regular-3.html]
[www.math.iitb.ac.in/_assoc/assets/fonts/glyphicons-halflings-regular-4.html]
[www.math.iitb.ac.in/_assoc/assets/fonts/fontawesome-webfonte0a5.html]
[www.math.iitb.ac.in/_assoc/assets/fonts/fontawesome-webfonte0a5.svg]
[www.math.iitb.ac.in/_assoc/mo/bootstrap/fonts/glyphicons-halflings-regular.eot]
[www.math.iitb.ac.in/_assoc/mo/bootstrap/fonts/glyphicons-halflings-regular.woff]
[www.math.iitb.ac.in/_assoc/mo/bootstrap/fonts/glyphicons-halflings-regulard41d.eot]
[www.math.iitb.ac.in/_assoc/mo/bootstrap/fonts/glyphicons-halflings-regular.ttf]
[www.math.iitb.ac.in/_assoc/mo/bootstrap/css/bootstrap.css]
[www.math.iitb.ac.in/_assoc/mo/fonts/font-awesome/fonts/fontawesome-webfont78ce.eot]
[www.math.iitb.ac.in/_assoc/mo/fonts/font-awesome/fonts/fontawesome-webfontd41d.eot]
[www.math.iitb.ac.in/_assoc/mo/fonts/font-awesome/fonts/fontawesome-webfont78ce.woff]
[www.math.iitb.ac.in/_assoc/mo/fonts/font-awesome/fonts/fontawesome-webfont78ce.ttf]
[www.math.iitb.ac.in/_assoc/mo/fonts/font-awesome/css/font-awesome.css]
[www.math.iitb.ac.in/_assoc/mo/css/animations.css]
[www.math.iitb.ac.in/_assoc/mo/images/banner.jpg]
[www.math.iitb.ac.in/_assoc/mo/images/bg-image-3.jpg]
[www.math.iitb.ac.in/_assoc/mo/images/bg-image-4.jpg]
[www.math.iitb.ac.in/_assoc/mo/css/style.css]
[www.math.iitb.ac.in/_assoc/mo/css/custom.html]
[www.math.iitb.ac.in/_assoc/mo/css/new.css]
[www.math.iitb.ac.in/_assoc/mo/css/ihover.css]
[www.math.iitb.ac.in/_assoc/mo/registration2017/online/images/logo1.gif]
[www.math.iitb.ac.in/_assoc/mo/registration2017/online/js/materialize.min.js]
[code.jquery.com/jquery-2.1.1.min.js]
[www.math.iitb.ac.in/_assoc/mo/registration2017/online/js/pickadate/Datepick.js]
[www.google.com/recaptcha/api.js]
[www.math.iitb.ac.in/_assoc/mo/registration2017/online/result_2017.html]
[connect.facebook.net/en_GB/sdk.js]
[www.math.iitb.ac.in/_assoc/assets/fonts/fontawesome-webfontba72.eot]
[www.math.iitb.ac.in/_assoc/assets/fonts/fontawesome-webfontba72.woff]
[www.math.iitb.ac.in/_assoc/assets/fonts/fontawesome-webfontba72.ttf]
[www.math.iitb.ac.in/_assoc/assets/css/font-awesome.min.css]
[www.math.iitb.ac.in/_assoc/handbook.html]
[www.math.iitb.ac.in/_assoc/info/tif.html]
[www.math.iitb.ac.in/_assoc/query.html]
[maxcdn.bootstrapcdn.com/bootstrap/3.3.6/css/bootstrap.min.css]
[www.math.iitb.ac.in/_assoc/elections/css/bootstrap-material-design.css]
[www.math.iitb.ac.in/_assoc/elections/css/ripples.min.css]
[cdn.rawgit.com/FezVrasta/dropdown.js/master/jquery.dropdown.css]
[www.math.iitb.ac.in/_assoc/elections/index-2.html]
[www.math.iitb.ac.in/_assoc/elections/index-3.html]
[www.math.iitb.ac.in/_assoc/elections/results.html]
[www.math.iitb.ac.in/_assoc/index-2.html]
[www.math.iitb.ac.in/_assoc/obscure/font/material-design-icons/Material-Design-Iconsd41d.eot]
[www.math.iitb.ac.in/_assoc/obscure/font/material-design-icons/Material-Design-Icons.woff]
[www.math.iitb.ac.in/_assoc/obscure/font/material-design-icons/Material-Design-Icons.ttf]
[www.math.iitb.ac.in/_assoc/obscure/font/roboto/Roboto-Thin.woff]
[www.math.iitb.ac.in/_assoc/obscure/font/roboto/Roboto-Thin.ttf]
[www.math.iitb.ac.in/_assoc/obscure/font/roboto/Roboto-Light.woff]
[www.math.iitb.ac.in/_assoc/obscure/font/roboto/Roboto-Light.ttf]
[www.math.iitb.ac.in/_assoc/obscure/font/roboto/Roboto-Regular.woff]
[www.math.iitb.ac.in/_assoc/obscure/font/roboto/Roboto-Regular.ttf]
[www.math.iitb.ac.in/_assoc/obscure/font/roboto/Roboto-Medium.woff]
[www.math.iitb.ac.in/_assoc/obscure/font/roboto/Roboto-Medium.ttf]
[www.math.iitb.ac.in/_assoc/obscure/font/roboto/Roboto-Bold.woff]
[www.math.iitb.ac.in/_assoc/obscure/font/roboto/Roboto-Bold.ttf]
[www.math.iitb.ac.in/_assoc/obscure/fonts/fontawesome-webfont78ce.eot]
[www.math.iitb.ac.in/_assoc/obscure/fonts/fontawesome-webfontd41d.eot]
[www.math.iitb.ac.in/_assoc/obscure/fonts/fontawesome-webfont78ce.woff]
[www.math.iitb.ac.in/_assoc/obscure/fonts/fontawesome-webfont78ce.ttf]
[www.math.iitb.ac.in/_assoc/obscure/min/plugin-min.css]
[www.math.iitb.ac.in/_assoc/obscure/min/custom-min.css]
[www.math.iitb.ac.in/_assoc/culturals.html]
[www.math.iitb.ac.in/_assoc/sports.html]
[www.math.iitb.ac.in/_assoc/events/mock.jpg]
[www.math.iitb.ac.in/_assoc/events/buddy.jpg]
[www.math.iitb.ac.in/_assoc/events/Core.jpg]
[www.math.iitb.ac.in/_assoc/alumni.html]
[www.math.iitb.ac.in/_assoc/mo/bootstrap/fonts/glyphicons-halflings-regular.svg]
[www.math.iitb.ac.in/_assoc/mo/fonts/font-awesome/fonts/fontawesome-webfont78ce.svg]
[www.math.iitb.ac.in/_assoc/mo/css/animate.css]
[www.math.iitb.ac.in/_assoc/mo/images/image1.html]
[www.math.iitb.ac.in/_assoc/mo/registration2017/online/font/material-design-icons/Material-Design-Iconsd41d.eot]
[www.math.iitb.ac.in/_assoc/mo/registration2017/online/font/material-design-icons/Material-Design-Icons.woff]
[www.math.iitb.ac.in/_assoc/mo/registration2017/online/font/material-design-icons/Material-Design-Icons.ttf]
[www.math.iitb.ac.in/_assoc/mo/registration2017/online/font/roboto/Roboto-Thin.woff]
[www.math.iitb.ac.in/_assoc/mo/registration2017/online/font/roboto/Roboto-Thin.ttf]
[www.math.iitb.ac.in/_assoc/mo/registration2017/online/font/roboto/Roboto-Light.woff]
[www.math.iitb.ac.in/_assoc/mo/registration2017/online/font/roboto/Roboto-Light.ttf]
[www.math.iitb.ac.in/_assoc/mo/registration2017/online/font/roboto/Roboto-Regular.woff]
[www.math.iitb.ac.in/_assoc/mo/registration2017/online/font/roboto/Roboto-Regular.ttf]
[www.math.iitb.ac.in/_assoc/mo/registration2017/online/font/roboto/Roboto-Medium.woff]
[www.math.iitb.ac.in/_assoc/mo/registration2017/online/font/roboto/Roboto-Medium.ttf]
[www.math.iitb.ac.in/_assoc/mo/registration2017/online/font/roboto/Roboto-Bold.woff]
[www.math.iitb.ac.in/_assoc/mo/registration2017/online/font/roboto/Roboto-Bold.ttf]
[www.math.iitb.ac.in/_assoc/mo/registration2017/online/css/materialize.css]
[www.math.iitb.ac.in/_assoc/mo/registration2017/online/css/mat_edit.css]
[www.math.iitb.ac.in/_assoc/mo/registration2017/online/css/style.css]
[www.math.iitb.ac.in/_assoc/mo/^([^_/indexd41d.html]
[www.math.iitb.ac.in/_assoc/assets/fonts/fontawesome-webfontba72.svg]
[www.math.iitb.ac.in/_assoc/obscure/font/material-design-icons/Material-Design-Icons.html]
[www.math.iitb.ac.in/_assoc/obscure/font/material-design-icons/Material-Design-Icons.svg]
[www.math.iitb.ac.in/_assoc/obscure/font/roboto/Roboto-Thin.html]
[www.math.iitb.ac.in/_assoc/obscure/font/roboto/Roboto-Light.html]
[www.math.iitb.ac.in/_assoc/obscure/font/roboto/Roboto-Regular.html]
[www.math.iitb.ac.in/_assoc/obscure/font/roboto/Roboto-Medium.html]
[www.math.iitb.ac.in/_assoc/obscure/font/roboto/Roboto-Bold.html]
[www.math.iitb.ac.in/_assoc/obscure/fonts/fontawesome-webfont78ce.svg]
[www.math.iitb.ac.in/_assoc/mo/registration2017/online/font/material-design-icons/Material-Design-Icons.html]
[www.math.iitb.ac.in/_assoc/mo/registration2017/online/font/material-design-icons/Material-Design-Icons.svg]
[www.math.iitb.ac.in/_assoc/mo/registration2017/online/font/roboto/Roboto-Thin.html]
[www.math.iitb.ac.in/_assoc/mo/registration2017/online/font/roboto/Roboto-Light.html]
[www.math.iitb.ac.in/_assoc/mo/registration2017/online/font/roboto/Roboto-Regular.html]
[www.math.iitb.ac.in/_assoc/mo/registration2017/online/font/roboto/Roboto-Medium.html]
[www.math.iitb.ac.in/_assoc/mo/registration2017/online/font/roboto/Roboto-Bold.html]
[www.math.iitb.ac.in/_assoc/mo/registration2017/online/images/banner.html]
[www.math.iitb.ac.in/_assoc/mo/registration2017/online/images/bg-image-3.html]
[www.math.iitb.ac.in/_assoc/mo/registration2017/online/images/bg-image-4.html]
[www.math.iitb.ac.in/_assoc/mo/registration2017/online/images/image1.html]
[www.math.iitb.ac.in/_assoc/mo/ABCDEFGHIJKLMNOPQRSTUVWXYZabcdefghijklmnopqrstuvwxyz0123456789+/index.html]
